<html>
<body>
<pre>
<h1>µVision Build Log</h1>
<h2>Tool Versions:</h2>
IDE-Version: µVision V5.37.0.0
Copyright (C) 2022 ARM Ltd and ARM Germany GmbH. All rights reserved.
License Information: Mihail Sebastian Stanciu, Military Tehnical Academy, LIC=----
 
Tool Versions:
Toolchain:       MDK-Lite  Version: 5.37.0.0
Toolchain Path:  C:\Keil_v5\ARM\ARMCLANG\Bin
C Compiler:      ArmClang.exe V6.18
Assembler:       Armasm.exe V6.18
Linker/Locator:  ArmLink.exe V6.18
Library Manager: ArmAr.exe V6.18
Hex Converter:   FromElf.exe V6.18
CPU DLL:         SARMCM3.DLL V5.37.0.0
Dialog DLL:      DARMCM1.DLL V1.19.6.0
Target DLL:      CMSIS_AGDI.dll V1.33.12.0
Dialog DLL:      TARMCM1.DLL V1.14.6.0
 
<h2>Project:</h2>
E:\Cursuri Anul 4 Sem 1\Microprocesoare\Tema Proiect\BGS.uvprojx
Project File Date:  12/14/2022

<h2>Output:</h2>
*** Using Compiler 'V6.18', folder: 'C:\Keil_v5\ARM\ARMCLANG\Bin'
Rebuild target 'Target 1'
assembling startup_MKL25Z4.s...
main.c(2): warning: In file included from...
./Uart.h(3): warning: // comments are not allowed in this language [-Wcomment]
void UART0_Transmit(uint8_t data); // Functie folostia pentru a trimite un octet catre interfata UART
                                   ^
main.c(3): warning: In file included from...
./Gpio.h(2): warning: In file included from...
./Uart.h(3): warning: // comments are not allowed in this language [-Wcomment]
void UART0_Transmit(uint8_t data); // Functie folostia pentru a trimite un octet catre interfata UART
                                   ^
main.c(7): warning: // comments are not allowed in this language [-Wcomment]
extern uint8_t sensor;//Sa zicem ca 0 este pentru lumina, 1 pentru vibratii
                      ^
main.c(11): warning: no previous extern declaration for non-static variable 'counter' [-Wmissing-variable-declarations]
uint64_t counter = 0;
         ^
main.c(11): note: declare 'static' if the variable is not intended to be used outside of this translation unit
uint64_t counter = 0;
^
main.c(15): warning: implicit declaration of function 'UART0_Init' [-Wimplicit-function-declaration]
        UART0_Init(115200);
        ^
main.c(46): warning: no newline at end of file [-Wnewline-eof]
}
 ^
main.c(19): warning: mixing declarations and code is a C99 extension [-Wdeclaration-after-statement]
        char buffer[6];
             ^
7 warnings generated.
compiling main.c...
compiling system_MKL25Z4.c...
Gpio.c(1): warning: In file included from...
./Gpio.h(2): warning: In file included from...
./Uart.h(3): warning: // comments are not allowed in this language [-Wcomment]
void UART0_Transmit(uint8_t data); // Functie folostia pentru a trimite un octet catre interfata UART
                                   ^
Gpio.c(3): warning: // comments are not allowed in this language [-Wcomment]
#define VIB_PIN (12) // PORT A
                     ^
Gpio.c(9): warning: no previous extern declaration for non-static variable 'state' [-Wmissing-variable-declarations]
uint8_t state = 0;
        ^
Gpio.c(9): note: declare 'static' if the variable is not intended to be used outside of this translation unit
uint8_t state = 0;
^
Gpio.c(10): warning: no previous extern declaration for non-static variable 'old_led_state' [-Wmissing-variable-declarations]
uint8_t old_led_state = 100;
        ^
Gpio.c(10): note: declare 'static' if the variable is not intended to be used outside of this translation unit
uint8_t old_led_state = 100;
^
Gpio.c(11): warning: no previous extern declaration for non-static variable 'led_state_gpio' [-Wmissing-variable-declarations]
uint8_t led_state_gpio = 0;
        ^
Gpio.c(11): note: declare 'static' if the variable is not intended to be used outside of this translation unit
uint8_t led_state_gpio = 0;
^
Gpio.c(12): warning: no previous extern declaration for non-static variable 'leds_on' [-Wmissing-variable-declarations]
uint8_t leds_on[3];
        ^
Gpio.c(12): note: declare 'static' if the variable is not intended to be used outside of this translation unit
uint8_t leds_on[3];
^
6 warnings generated.
compiling Gpio.c...
Uart.c(1): warning: In file included from...
./Uart.h(3): warning: // comments are not allowed in this language [-Wcomment]
void UART0_Transmit(uint8_t data); // Functie folostia pentru a trimite un octet catre interfata UART
                                   ^
Uart.c(3): warning: no previous extern declaration for non-static variable 'sensor' [-Wmissing-variable-declarations]
uint8_t sensor = 0;
        ^
Uart.c(3): note: declare 'static' if the variable is not intended to be used outside of this translation unit
uint8_t sensor = 0;
^
Uart.c(7): warning: // comments are not allowed in this language [-Wcomment]
        //Punem in asteptare pana cand registrul de transmisie a datelor nu este gol
        ^
Uart.c(8): warning: while loop has empty body [-Wempty-body]
        while(!(UART0->S1 & UART0_S1_TDRE_MASK));
                                                ^
Uart.c(8): note: put the semicolon on a separate line to silence this warning
Uart.c(21): warning: implicit conversion changes signedness: 'int' to 'char' [-Wsign-conversion]
                str[i--] = x%10 + '0';
                         ~ ~~~~~^~~~~
Uart.c(36): warning: while loop has empty body [-Wempty-body]
        while(!(UART0->S1 & UART0_S1_RDRF_MASK));
                                                ^
Uart.c(36): note: put the semicolon on a separate line to silence this warning
Uart.c(65): warning: mixing declarations and code is a C99 extension [-Wdeclaration-after-statement]
        uint32_t osr = 15; // Over-Sampling Rate (numarul de esantioane luate per bit-time)
                 ^
Uart.c(41): warning: no previous prototype for function 'UART0_Init' [-Wmissing-prototypes]
void UART0_Init(uint32_t baud_rate){
     ^
Uart.c(41): note: declare 'static' if the function is not intended to be used outside of this translation unit
void UART0_Init(uint32_t baud_rate){
^
static 
Uart.c(107): warning: no newline at end of file [-Wnewline-eof]
}
 ^
Uart.c(4): warning: no previous extern declaration for non-static variable 'c' [-Wmissing-variable-declarations]
char c;
     ^
Uart.c(4): note: declare 'static' if the variable is not intended to be used outside of this translation unit
char c;
^
10 warnings generated.
compiling Uart.c...
Adc.c(2): warning: In file included from...
./Uart.h(3): warning: // comments are not allowed in this language [-Wcomment]
void UART0_Transmit(uint8_t data); // Functie folostia pentru a trimite un octet catre interfata UART
                                   ^
Adc.c(5): warning: // comments are not allowed in this language [-Wcomment]
#define ADC_CHANNEL (11) // PORT C PIN 1
                         ^
Adc.c(7): warning: no previous extern declaration for non-static variable 'led_state_adc' [-Wmissing-variable-declarations]
uint8_t led_state_adc = 0;
        ^
Adc.c(7): note: declare 'static' if the variable is not intended to be used outside of this translation unit
uint8_t led_state_adc = 0;
^
Adc.c(73): warning: mixing declarations and code is a C99 extension [-Wdeclaration-after-statement]
        uint16_t calibration_var = 0x0000;
                 ^
Adc.c(146): warning: misleading indentation; statement is not part of the previous 'else' [-Wmisleading-indentation]
                char buffer[8];
                ^
Adc.c(143): note: previous statement is here
        else
        ^
Adc.c(147): warning: implicit conversion turns floating-point number into integer: 'float' to 'int' [-Wfloat-conversion]
                itoa(measured_lux, buffer, 8);
                ~~~~ ^~~~~~~~~~~~
Adc.c(146): warning: mixing declarations and code is a C99 extension [-Wdeclaration-after-statement]
                char buffer[8];
                     ^
7 warnings generated.
compiling Adc.c...
linking...
Program Size: Code=3376 RO-data=228 RW-data=0 ZI-data=376  
".\Objects\BGS.axf" - 0 Error(s), 30 Warning(s).

<h2>Software Packages used:</h2>

Package Vendor: ARM
                http://www.keil.com/pack/ARM.CMSIS.5.9.0.pack
                ARM.CMSIS.5.9.0
                CMSIS (Common Microcontroller Software Interface Standard)
   * Component: CORE Version: 5.6.0

Package Vendor: Keil
                http://www.keil.com/pack/Keil.Kinetis_KLxx_DFP.1.15.0.pack
                Keil.Kinetis_KLxx_DFP.1.15.0
                NXP Kinetis KLxx Series Device Support and Examples
   * Component: Startup Version: 2.5.0

<h2>Collection of Component include folders:</h2>
  ./RTE/Device/MKL25Z128xxx4
  ./RTE/_Target_1
  C:/Users/StanciuL420/AppData/Local/Arm/Packs/ARM/CMSIS/5.9.0/CMSIS/Core/Include
  C:/Users/StanciuL420/AppData/Local/Arm/Packs/Keil/Kinetis_KLxx_DFP/1.15.0/Device/Include

<h2>Collection of Component Files used:</h2>

   * Component: ARM::CMSIS:CORE:5.6.0

   * Component: Keil::Device:Startup:2.5.0
      Include file:  Device/Source/system_MKL25Z4.h
      Source file:   Device/Source/system_MKL25Z4.c
      Source file:   Device/Source/ARM/startup_MKL25Z4.s
Build Time Elapsed:  00:00:01
</pre>
</body>
</html>
